// Jest Snapshot v1, https://goo.gl/fbAQLP

exports[`Board should render 1`] = `
<div>
  <div
    class="content"
  >
    <div
      class="content"
      data-testid="profile-drawer"
    >
      <div
        class="profileHeader"
      >
        <div
          class="closeButton"
          role="button"
        >
          &gt; Close
        </div>
        <h2>
          Profile
        </h2>
      </div>
      <div
        class="profileError"
      >
        No record of this player yet. Please play some games first!
      </div>
    </div>
    <div
      class="header"
    >
      <div
        class="leftSide"
      >
        A game of Bingo
      </div>
      <div
        class="rightSide"
      >
        <div
          class="profile"
          role="button"
        >
          foobar
        </div>
      </div>
    </div>
    <div
      class="gameView"
    >
      <div
        class="content"
      >
        <h1
          class="title"
        >
          <div>
            <span>
              B
            </span>
          </div>
          <div>
            <span>
              I
            </span>
          </div>
          <div>
            <span>
              N
            </span>
          </div>
          <div>
            <span>
              G
            </span>
          </div>
          <div>
            <span>
              O
            </span>
          </div>
        </h1>
        <div
          class="board"
        >
          <div
            class="tile"
            data-testid="tile"
          >
            2
          </div>
          <div
            class="tile"
            data-testid="tile"
          >
            16
          </div>
          <div
            class="tile"
            data-testid="tile"
          >
            39
          </div>
          <div
            class="tile"
            data-testid="tile"
          >
            55
          </div>
          <div
            class="tile"
            data-testid="tile"
          >
            61
          </div>
          <div
            class="tile"
            data-testid="tile"
          >
            9
          </div>
          <div
            class="tile"
            data-testid="tile"
          >
            25
          </div>
          <div
            class="tile"
            data-testid="tile"
          >
            32
          </div>
          <div
            class="tile"
            data-testid="tile"
          >
            53
          </div>
          <div
            class="tile"
            data-testid="tile"
          >
            67
          </div>
          <div
            class="tile"
            data-testid="tile"
          >
            10
          </div>
          <div
            class="tile"
            data-testid="tile"
          >
            19
          </div>
          <div
            class="tile"
            data-testid="tile"
          >
            Free
          </div>
          <div
            class="tile"
            data-testid="tile"
          >
            59
          </div>
          <div
            class="tile"
            data-testid="tile"
          >
            63
          </div>
          <div
            class="tile"
            data-testid="tile"
          >
            13
          </div>
          <div
            class="tile"
            data-testid="tile"
          >
            27
          </div>
          <div
            class="tile"
            data-testid="tile"
          >
            43
          </div>
          <div
            class="tile"
            data-testid="tile"
          >
            47
          </div>
          <div
            class="tile"
            data-testid="tile"
          >
            64
          </div>
          <div
            class="tile"
            data-testid="tile"
          >
            7
          </div>
          <div
            class="tile"
            data-testid="tile"
          >
            18
          </div>
          <div
            class="tile"
            data-testid="tile"
          >
            38
          </div>
          <div
            class="tile"
            data-testid="tile"
          >
            58
          </div>
          <div
            class="tile"
            data-testid="tile"
          >
            71
          </div>
        </div>
      </div>
      <div
        class="announcement"
        data-testid="announcement"
      >
        <div>
          Tiles picked: 
        </div>
      </div>
      <div
        class="interactions"
      >
        <button
          class="button"
          type="button"
        >
          Get Number
        </button>
        <button
          class="button ghostButton"
          type="button"
        >
          Reset Board
        </button>
      </div>
    </div>
  </div>
</div>
`;

exports[`Board should render announcement on a won board 1`] = `
<div
  class="announcement"
  data-testid="announcement"
>
  <div>
    Tiles picked: 
    2, 16, 39, 55, 61
  </div>
  <div
    class="victory"
  >
    ðŸŽ‰ You won by matching 
    row
     after 
    5
     turns. The game lasted for 
    0
     seconds ðŸŽ‰
  </div>
</div>
`;
