// Jest Snapshot v1, https://goo.gl/fbAQLP

exports[`Board should render 1`] = `
<div>
  <div
    class="content"
  >
    <h1
      class="title"
    >
      <div>
        <span>
          B
        </span>
      </div>
      <div>
        <span>
          I
        </span>
      </div>
      <div>
        <span>
          N
        </span>
      </div>
      <div>
        <span>
          G
        </span>
      </div>
      <div>
        <span>
          O
        </span>
      </div>
    </h1>
    <div
      class="board"
    >
      <div
        class="tile"
        data-testid="tile"
      >
        2
      </div>
      <div
        class="tile"
        data-testid="tile"
      >
        16
      </div>
      <div
        class="tile"
        data-testid="tile"
      >
        39
      </div>
      <div
        class="tile"
        data-testid="tile"
      >
        55
      </div>
      <div
        class="tile"
        data-testid="tile"
      >
        61
      </div>
      <div
        class="tile"
        data-testid="tile"
      >
        9
      </div>
      <div
        class="tile"
        data-testid="tile"
      >
        25
      </div>
      <div
        class="tile"
        data-testid="tile"
      >
        32
      </div>
      <div
        class="tile"
        data-testid="tile"
      >
        53
      </div>
      <div
        class="tile"
        data-testid="tile"
      >
        67
      </div>
      <div
        class="tile"
        data-testid="tile"
      >
        10
      </div>
      <div
        class="tile"
        data-testid="tile"
      >
        19
      </div>
      <div
        class="tile"
        data-testid="tile"
      >
        Free
      </div>
      <div
        class="tile"
        data-testid="tile"
      >
        59
      </div>
      <div
        class="tile"
        data-testid="tile"
      >
        63
      </div>
      <div
        class="tile"
        data-testid="tile"
      >
        13
      </div>
      <div
        class="tile"
        data-testid="tile"
      >
        27
      </div>
      <div
        class="tile"
        data-testid="tile"
      >
        43
      </div>
      <div
        class="tile"
        data-testid="tile"
      >
        47
      </div>
      <div
        class="tile"
        data-testid="tile"
      >
        64
      </div>
      <div
        class="tile"
        data-testid="tile"
      >
        7
      </div>
      <div
        class="tile"
        data-testid="tile"
      >
        18
      </div>
      <div
        class="tile"
        data-testid="tile"
      >
        38
      </div>
      <div
        class="tile"
        data-testid="tile"
      >
        58
      </div>
      <div
        class="tile"
        data-testid="tile"
      >
        71
      </div>
    </div>
  </div>
</div>
`;
